// Jest Snapshot v1, https://goo.gl/fbAQLP

exports[`CBase component renders correctly 1`] = `undefined`;
